有效样本: 1200/1200

========== 整体表现 ==========
  AUC          : 0.8475
  KS           : 0.7518
  Brier Score  : 0.0715
  Top 10% Lift : 7.79x
  Top 20% Lift : 4.32x

========== 按真实风险等级分组 ==========
  excellent  | n= 600 | 平均PD: 1.08% | 中位数: 0.00% | 最大: 45.00%
  good       | n= 360 | 平均PD: 16.66% | 中位数: 12.00% | 最大: 45.00%
  medium     | n= 180 | 平均PD: 41.25% | 中位数: 42.00% | 最大: 45.00%
  bad        | n=  60 | 平均PD: 42.38% | 中位数: 42.00% | 最大: 45.00%

========== 风险等级预测一致性 ==========
  低风险: 443 (36.9%)
  高风险: 388 (32.3%)
  中风险: 335 (27.9%)
  极高风险: 34 (2.8%)

========== 拒绝策略效果(threshold=0.4) ==========
  坏客户捕获率: 77.9%  (拒掉的坏客户/全部坏客户)
  好客户误杀率: 14.3%    (误拒的好客户/全部好客户)
  混淆矩阵: TP=74, FP=158, TN=947, FN=21
